// Jest Snapshot v1, https://goo.gl/fbAQLP

exports[`Layout should render correctly snapshot match 1`] = `
<Fragment>
  <Header />
  <Footer />
</Fragment>
`;
